[INFO] Scanning for projects...
[INFO] 
[INFO] -------------------< com.kxj:streaming-data-engine >--------------------
[INFO] Building engine 0.0.1-SNAPSHOT
[INFO]   from pom.xml
[INFO] --------------------------------[ jar ]---------------------------------
[INFO] 
[INFO] --- resources:3.4.0:resources (default-resources) @ streaming-data-engine ---
[INFO] Copying 1 resource from src\main\resources to target\classes
[INFO] 
[INFO] --- compiler:3.13.0:compile (default-compile) @ streaming-data-engine ---
[INFO] Nothing to compile - all classes are up to date.
[INFO] 
[INFO] --- resources:3.4.0:testResources (default-testResources) @ streaming-data-engine ---
[INFO] Copying 1 resource from src\test\resources to target\test-classes
[INFO] 
[INFO] --- compiler:3.13.0:testCompile (default-testCompile) @ streaming-data-engine ---
[INFO] Nothing to compile - all classes are up to date.
[INFO] 
[INFO] --- surefire:3.5.4:test (default-test) @ streaming-data-engine ---
[INFO] Using auto detected provider org.apache.maven.surefire.junitplatform.JUnitPlatformProvider
[INFO] 
[INFO] -------------------------------------------------------
[INFO]  T E S T S
[INFO] -------------------------------------------------------
[INFO] Running Checkpoint 机制测试
14:41:38,629 |-INFO in ch.qos.logback.classic.LoggerContext[default] - This is logback-classic version 1.5.16
14:41:38,629 |-INFO in ch.qos.logback.classic.LoggerContext[default] - This is logback-core version 1.5.32
14:41:38,629 |-WARN in ch.qos.logback.classic.LoggerContext[default] - Versions of logback-core and logback-classic are different!
14:41:38,630 |-INFO in ch.qos.logback.classic.util.ContextInitializer@1f81aa00 - No custom configurators were discovered as a service.
14:41:38,630 |-INFO in ch.qos.logback.classic.util.ContextInitializer@1f81aa00 - Trying to configure with ch.qos.logback.classic.joran.SerializedModelConfigurator
14:41:38,632 |-INFO in ch.qos.logback.classic.util.ContextInitializer@1f81aa00 - Constructed configurator of type class ch.qos.logback.classic.joran.SerializedModelConfigurator
14:41:38,633 |-INFO in ch.qos.logback.classic.LoggerContext[default] - Could NOT find resource [logback-test.scmo]
14:41:38,634 |-INFO in ch.qos.logback.classic.LoggerContext[default] - Could NOT find resource [logback.scmo]
14:41:38,637 |-INFO in ch.qos.logback.classic.util.ContextInitializer@1f81aa00 - ch.qos.logback.classic.joran.SerializedModelConfigurator.configure() call lasted 2 milliseconds. ExecutionStatus=INVOKE_NEXT_IF_ANY
14:41:38,637 |-INFO in ch.qos.logback.classic.util.ContextInitializer@1f81aa00 - Trying to configure with ch.qos.logback.classic.util.DefaultJoranConfigurator
14:41:38,638 |-INFO in ch.qos.logback.classic.util.ContextInitializer@1f81aa00 - Constructed configurator of type class ch.qos.logback.classic.util.DefaultJoranConfigurator
14:41:38,639 |-INFO in ch.qos.logback.classic.LoggerContext[default] - Found resource [logback-test.xml] at [file:/D:/codespace/ideaProject/streaming-data-engine/engine/target/test-classes/logback-test.xml]
14:41:38,742 |-INFO in ch.qos.logback.core.model.processor.AppenderModelHandler - Processing appender named [CONSOLE]
14:41:38,742 |-INFO in ch.qos.logback.core.model.processor.AppenderModelHandler - About to instantiate appender of type [ch.qos.logback.core.ConsoleAppender]
14:41:38,749 |-INFO in ch.qos.logback.core.model.processor.ImplicitModelHandler - Assuming default type [ch.qos.logback.classic.encoder.PatternLayoutEncoder] for [encoder] property
14:41:38,751 |-INFO in ch.qos.logback.core.model.processor.ModelInterpretationContext@6b6776cb - value "%d{yyyy-MM-dd HH:mm:ss.SSS} %-5level [%thread] %logger{36} - %msg%n" substituted for "${PATTERN}"
14:41:38,795 |-INFO in ch.qos.logback.core.ConsoleAppender[CONSOLE] - NOTE: Writing to the console can be slow. Try to avoid logging to the 
14:41:38,795 |-INFO in ch.qos.logback.core.ConsoleAppender[CONSOLE] - console in production environments, especially in high volume systems.
14:41:38,795 |-INFO in ch.qos.logback.core.ConsoleAppender[CONSOLE] - See also https://logback.qos.ch/codes.html#slowConsole
14:41:38,798 |-INFO in ch.qos.logback.core.model.processor.AppenderModelHandler - Processing appender named [TEST_FILE]
14:41:38,798 |-INFO in ch.qos.logback.core.model.processor.AppenderModelHandler - About to instantiate appender of type [ch.qos.logback.core.FileAppender]
14:41:38,807 |-INFO in ch.qos.logback.core.model.processor.ImplicitModelHandler - Assuming default type [ch.qos.logback.classic.encoder.PatternLayoutEncoder] for [encoder] property
14:41:38,807 |-INFO in ch.qos.logback.core.model.processor.ModelInterpretationContext@6b6776cb - value "%d{yyyy-MM-dd HH:mm:ss.SSS} %-5level [%thread] %logger{36} - %msg%n" substituted for "${PATTERN}"
14:41:38,808 |-INFO in ch.qos.logback.core.FileAppender[TEST_FILE] - File property is set to [logs/test.log]
14:41:38,810 |-INFO in ch.qos.logback.classic.model.processor.RootLoggerModelHandler - Setting level of ROOT logger to INFO
14:41:38,810 |-WARN in ch.qos.logback.core.model.processor.AppenderRefModelHandler - Appender named [CONSOLE] could not be found. Skipping attachment to Logger[ROOT].
14:41:38,810 |-WARN in ch.qos.logback.core.model.processor.AppenderRefModelHandler - Appender named [TEST_FILE] could not be found. Skipping attachment to Logger[ROOT].
14:41:38,811 |-INFO in ch.qos.logback.classic.model.processor.LoggerModelHandler - Setting level of logger [com.kxj.streamingdataengine.execution] to DEBUG
14:41:38,812 |-INFO in ch.qos.logback.classic.model.processor.LoggerModelHandler - Setting additivity of logger [com.kxj.streamingdataengine.execution] to false
14:41:38,813 |-WARN in ch.qos.logback.core.model.processor.AppenderRefModelHandler - Appender named [CONSOLE] could not be found. Skipping attachment to Logger[com.kxj.streamingdataengine.execution].
14:41:38,813 |-WARN in ch.qos.logback.core.model.processor.AppenderRefModelHandler - Appender named [TEST_FILE] could not be found. Skipping attachment to Logger[com.kxj.streamingdataengine.execution].
14:41:38,813 |-INFO in ch.qos.logback.classic.model.processor.LoggerModelHandler - Setting level of logger [com.kxj.streamingdataengine.ai] to DEBUG
14:41:38,813 |-INFO in ch.qos.logback.classic.model.processor.LoggerModelHandler - Setting additivity of logger [com.kxj.streamingdataengine.ai] to false
14:41:38,813 |-WARN in ch.qos.logback.core.model.processor.AppenderRefModelHandler - Appender named [CONSOLE] could not be found. Skipping attachment to Logger[com.kxj.streamingdataengine.ai].
14:41:38,813 |-WARN in ch.qos.logback.core.model.processor.AppenderRefModelHandler - Appender named [TEST_FILE] could not be found. Skipping attachment to Logger[com.kxj.streamingdataengine.ai].
14:41:38,813 |-INFO in ch.qos.logback.core.model.processor.DefaultProcessor@1863d2fe - End of configuration.
14:41:38,814 |-INFO in ch.qos.logback.classic.joran.JoranConfigurator@1787bc24 - Registering current configuration as safe fallback point
14:41:38,814 |-INFO in ch.qos.logback.classic.util.ContextInitializer@1f81aa00 - ch.qos.logback.classic.util.DefaultJoranConfigurator.configure() call lasted 176 milliseconds. ExecutionStatus=DO_NOT_INVOKE_NEXT_IF_ANY

